TASKDIR	4	Tasks		eCLR	ILC131_43
TASK	5	STD_TSK		eCLR	ILC131_43
PROGRAM	6	Task_FillingBypass	FillingBypass	eCLR	ILC131_43
VAR_GLOBALS	7	Task_FillingBypassV	C\STD_CNF\R\STD_RES\Task_FillingBypassV.VGR		
PROGRAM	6	Task_disk	DISK	eCLR	ILC131_43
VAR_GLOBALS	7	Task_diskV	C\STD_CNF\R\STD_RES\Task_diskV.VGR		
PROGRAM	6	Task_styrningar	STYRNINGAR	eCLR	ILC131_43
VAR_GLOBALS	7	Task_styrningarV	C\STD_CNF\R\STD_RES\Task_styrningarV.VGR		
PROGRAM	6	Task_larm	LARM_HANTERING	eCLR	ILC131_43
VAR_GLOBALS	7	Task_larmV	C\STD_CNF\R\STD_RES\Task_larmV.VGR		
PROGRAM	6	Task_kapsylering	KAPSYLERING	eCLR	ILC131_43
VAR_GLOBALS	7	Task_kapsyleringV	C\STD_CNF\R\STD_RES\Task_kapsyleringV.VGR		
PROGRAM	6	Task_utmatning	UTMATNING	eCLR	ILC131_43
VAR_GLOBALS	7	Task_utmatningV	C\STD_CNF\R\STD_RES\Task_utmatningV.VGR		
PROGRAM	6	Task_fyllning	FYLLING	eCLR	ILC131_43
VAR_GLOBALS	7	Task_fyllningV	C\STD_CNF\R\STD_RES\Task_fyllningV.VGR		
PROGRAM	6	Task_inmatning	INMATNING	eCLR	ILC131_43
VAR_GLOBALS	7	Task_inmatningV	C\STD_CNF\R\STD_RES\Task_inmatningV.VGR		
PROGRAM	6	MAPPNING	MAPPNING	eCLR	ILC131_43
VAR_GLOBALS	7	MAPPNINGV	C\STD_CNF\R\STD_RES\MAPPNINGV.VGR		
PROGRAM	6	Main	Main	eCLR	ILC131_43
VAR_GLOBALS	7	MainV	C\STD_CNF\R\STD_RES\MainV.VGR		
VAR_GLOBALS	4	Global_Variables	C\STD_CNF\R\STD_RES\Global_Variables.VGR		
IO/CONFIGURATION	4	IO_Configuration	C\STD_CNF\R\STD_RES\IOCONFIG.CNF		
